C:\Users\noeas\Documents\MCUXpressoIDE_11.7.0_9198\workspace\frdmk66f_final_flexcan_loopback\CMSIS/core_cm4.h:1679:22:__NVIC_EnableIRQ	16	static
C:\Users\noeas\Documents\MCUXpressoIDE_11.7.0_9198\workspace\frdmk66f_final_flexcan_loopback\drivers/fsl_common_arm.h:499:24:EnableIRQ	24	static
C:\Users\noeas\Documents\MCUXpressoIDE_11.7.0_9198\workspace\frdmk66f_final_flexcan_loopback\drivers/fsl_flexcan.h:1482:24:FLEXCAN_GetMbStatusFlags	16	static
C:\Users\noeas\Documents\MCUXpressoIDE_11.7.0_9198\workspace\frdmk66f_final_flexcan_loopback\drivers/fsl_flexcan.h:1504:20:FLEXCAN_ClearMbStatusFlags	16	static
C:\Users\noeas\Documents\MCUXpressoIDE_11.7.0_9198\workspace\frdmk66f_final_flexcan_loopback\drivers/fsl_flexcan.h:1674:20:FLEXCAN_EnableMbInterrupts	16	static
C:\Users\noeas\Documents\MCUXpressoIDE_11.7.0_9198\workspace\frdmk66f_final_flexcan_loopback\drivers/fsl_flexcan.h:1696:20:FLEXCAN_DisableMbInterrupts	16	static
../source/flexcan_loopback.c:49:6:CAN0_ORed_Message_buffer_IRQHandler	16	static
../source/flexcan_loopback.c:73:5:main	56	static
